[    0.000000] Linux version 4.15.0-96-generic (buildd@lgw01-amd64-004) (gcc version 7.5.0 (Ubuntu 7.5.0-3ubuntu1~18.04)) #97-Ubuntu SMP Wed Apr 1 03:25:46 UTC 2020 (Ubuntu 4.15.0-96.97-generic 4.15.18)
[    0.000000] Command line: BOOT_IMAGE=/boot/vmlinuz-4.15.0-96-generic root=UUID=6969795d-2298-4346-a932-b89115857723 ro console=tty1 console=ttyS0
[    0.000000] KERNEL supported cpus:
[    0.000000]   Intel GenuineIntel
[    0.000000]   AMD AuthenticAMD
[    0.000000]   Centaur CentaurHauls
[    0.000000] x86/fpu: Supporting XSAVE feature 0x001: 'x87 floating point registers'
[    0.000000] x86/fpu: Supporting XSAVE feature 0x002: 'SSE registers'
[    0.000000] x86/fpu: Supporting XSAVE feature 0x004: 'AVX registers'
[    0.000000] x86/fpu: xstate_offset[2]:  576, xstate_sizes[2]:  256
[    0.000000] x86/fpu: Enabled xstate features 0x7, context size is 832 bytes, using 'standard' format.
[    0.000000] e820: BIOS-provided physical RAM map:
[    0.000000] BIOS-e820: [mem 0x0000000000000000-0x000000000009fbff] usable
[    0.000000] BIOS-e820: [mem 0x000000000009fc00-0x000000000009ffff] reserved
[    0.000000] BIOS-e820: [mem 0x00000000000f0000-0x00000000000fffff] reserved
[    0.000000] BIOS-e820: [mem 0x0000000000100000-0x000000003ffeffff] usable
[    0.000000] BIOS-e820: [mem 0x000000003fff0000-0x000000003fffffff] ACPI data
[    0.000000] BIOS-e820: [mem 0x00000000fec00000-0x00000000fec00fff] reserved
[    0.000000] BIOS-e820: [mem 0x00000000fee00000-0x00000000fee00fff] reserved
[    0.000000] BIOS-e820: [mem 0x00000000fffc0000-0x00000000ffffffff] reserved
[    0.000000] NX (Execute Disable) protection: active
[    0.000000] SMBIOS 2.5 present.
[    0.000000] DMI: innotek GmbH VirtualBox/VirtualBox, BIOS VirtualBox 12/01/2006
[    0.000000] Hypervisor detected: KVM
[    0.000000] e820: last_pfn = 0x3fff0 max_arch_pfn = 0x400000000
[    0.000000] MTRR: Disabled
[    0.000000] x86/PAT: MTRRs disabled, skipping PAT initialization too.
[    0.000000] CPU MTRRs all blank - virtualized system.
[    0.000000] x86/PAT: Configuration [0-7]: WB  WT  UC- UC  WB  WT  UC- UC  
[    0.000000] found SMP MP-table at [mem 0x0009fff0-0x0009ffff]
[    0.000000] Scanning 1 areas for low memory corruption
[    0.000000] RAMDISK: [mem 0x35961000-0x36ca7fff]
[    0.000000] ACPI: Early table checksum verification disabled
[    0.000000] ACPI: RSDP 0x00000000000E0000 000024 (v02 VBOX  )
[    0.000000] ACPI: XSDT 0x000000003FFF0030 00003C (v01 VBOX   VBOXXSDT 00000001 ASL  00000061)
[    0.000000] ACPI: FACP 0x000000003FFF00F0 0000F4 (v04 VBOX   VBOXFACP 00000001 ASL  00000061)
[    0.000000] ACPI: DSDT 0x000000003FFF0470 0022EA (v02 VBOX   VBOXBIOS 00000002 INTL 20100528)
[    0.000000] ACPI: FACS 0x000000003FFF0200 000040
[    0.000000] ACPI: FACS 0x000000003FFF0200 000040
[    0.000000] ACPI: APIC 0x000000003FFF0240 00005C (v02 VBOX   VBOXAPIC 00000001 ASL  00000061)
[    0.000000] ACPI: SSDT 0x000000003FFF02A0 0001CC (v01 VBOX   VBOXCPUT 00000002 INTL 20100528)
[    0.000000] No NUMA configuration found
[    0.000000] Faking a node at [mem 0x0000000000000000-0x000000003ffeffff]
[    0.000000] NODE_DATA(0) allocated [mem 0x3ffc5000-0x3ffeffff]
[    0.000000] kvm-clock: cpu 0, msr 0:3ff44001, primary cpu clock
[    0.000000] kvm-clock: Using msrs 4b564d01 and 4b564d00
[    0.000000] kvm-clock: using sched offset of 7740614518 cycles
[    0.000000] clocksource: kvm-clock: mask: 0xffffffffffffffff max_cycles: 0x1cd42e4dffb, max_idle_ns: 881590591483 ns
[    0.000000] Zone ranges:
[    0.000000]   DMA      [mem 0x0000000000001000-0x0000000000ffffff]
[    0.000000]   DMA32    [mem 0x0000000001000000-0x000000003ffeffff]
[    0.000000]   Normal   empty
[    0.000000]   Device   empty
[    0.000000] Movable zone start for each node
[    0.000000] Early memory node ranges
[    0.000000]   node   0: [mem 0x0000000000001000-0x000000000009efff]
[    0.000000]   node   0: [mem 0x0000000000100000-0x000000003ffeffff]
[    0.000000] Reserved but unavailable: 98 pages
[    0.000000] Initmem setup node 0 [mem 0x0000000000001000-0x000000003ffeffff]
[    0.000000] ACPI: PM-Timer IO Port: 0x4008
[    0.000000] IOAPIC[0]: apic_id 2, version 32, address 0xfec00000, GSI 0-23
[    0.000000] ACPI: INT_SRC_OVR (bus 0 bus_irq 0 global_irq 2 dfl dfl)
[    0.000000] ACPI: INT_SRC_OVR (bus 0 bus_irq 9 global_irq 9 low level)
[    0.000000] Using ACPI (MADT) for SMP configuration information
[    0.000000] smpboot: Allowing 2 CPUs, 0 hotplug CPUs
[    0.000000] PM: Registered nosave memory: [mem 0x00000000-0x00000fff]
[    0.000000] PM: Registered nosave memory: [mem 0x0009f000-0x0009ffff]
[    0.000000] PM: Registered nosave memory: [mem 0x000a0000-0x000effff]
[    0.000000] PM: Registered nosave memory: [mem 0x000f0000-0x000fffff]
[    0.000000] e820: [mem 0x40000000-0xfebfffff] available for PCI devices
[    0.000000] Booting paravirtualized kernel on KVM
[    0.000000] clocksource: refined-jiffies: mask: 0xffffffff max_cycles: 0xffffffff, max_idle_ns: 7645519600211568 ns
[    0.000000] random: get_random_bytes called from start_kernel+0x99/0x4fd with crng_init=0
[    0.000000] setup_percpu: NR_CPUS:8192 nr_cpumask_bits:2 nr_cpu_ids:2 nr_node_ids:1
[    0.000000] percpu: Embedded 45 pages/cpu s147456 r8192 d28672 u1048576
[    0.000000] PV qspinlock hash table entries: 256 (order: 0, 4096 bytes)
[    0.000000] Built 1 zonelists, mobility grouping on.  Total pages: 257913
[    0.000000] Policy zone: DMA32
[    0.000000] Kernel command line: BOOT_IMAGE=/boot/vmlinuz-4.15.0-96-generic root=UUID=6969795d-2298-4346-a932-b89115857723 ro console=tty1 console=ttyS0
[    0.000000] Memory: 982528K/1048120K available (12300K kernel code, 2481K rwdata, 4264K rodata, 2432K init, 2712K bss, 65592K reserved, 0K cma-reserved)
[    0.000000] SLUB: HWalign=64, Order=0-3, MinObjects=0, CPUs=2, Nodes=1
[    0.000000] Kernel/User page tables isolation: enabled
[    0.000000] ftrace: allocating 39351 entries in 154 pages
[    0.004000] Hierarchical RCU implementation.
[    0.004000] 	RCU restricting CPUs from NR_CPUS=8192 to nr_cpu_ids=2.
[    0.004000] 	Tasks RCU enabled.
[    0.004000] RCU: Adjusting geometry for rcu_fanout_leaf=16, nr_cpu_ids=2
[    0.004000] NR_IRQS: 524544, nr_irqs: 440, preallocated irqs: 16
[    0.004000] Console: colour VGA+ 80x25
[    0.004000] console [tty1] enabled
[    0.004000] console [ttyS0] enabled
[    0.004000] ACPI: Core revision 20170831
[    0.004000] ACPI: 2 ACPI AML tables successfully acquired and loaded
[    0.004000] APIC: Switch to symmetric I/O mode setup
[    0.004000] x2apic enabled
[    0.004000] Switched APIC routing to physical x2apic.
[    0.004000] ..TIMER: vector=0x30 apic1=0 pin1=2 apic2=-1 pin2=-1
[    0.004004] tsc: Detected 1608.000 MHz processor
[    0.005021] Calibrating delay loop (skipped) preset value.. 3216.00 BogoMIPS (lpj=6432000)
[    0.008004] pid_max: default: 32768 minimum: 301
[    0.009711] Security Framework initialized
[    0.011220] Yama: becoming mindful.
[    0.012045] AppArmor: AppArmor initialized
[    0.015773] Dentry cache hash table entries: 131072 (order: 8, 1048576 bytes)
[    0.016087] Inode-cache hash table entries: 65536 (order: 7, 524288 bytes)
[    0.020081] Mount-cache hash table entries: 2048 (order: 2, 16384 bytes)
[    0.024026] Mountpoint-cache hash table entries: 2048 (order: 2, 16384 bytes)
[    0.027508] Last level iTLB entries: 4KB 64, 2MB 8, 4MB 8
[    0.028009] Last level dTLB entries: 4KB 64, 2MB 0, 4MB 0, 1GB 4
[    0.032008] Spectre V1 : Mitigation: usercopy/swapgs barriers and __user pointer sanitization
[    0.034974] Spectre V2 : Mitigation: Full generic retpoline
[    0.036002] Spectre V2 : Spectre v2 / SpectreRSB mitigation: Filling RSB on context switch
[    0.037908] Speculative Store Bypass: Vulnerable
[    0.039007] MDS: Mitigation: Clear CPU buffers
[    0.040189] Freeing SMP alternatives memory: 36K
[    0.152077] smpboot: CPU0: Intel(R) Core(TM) i5-8210Y CPU @ 1.60GHz (family: 0x6, model: 0x8e, stepping: 0x9)
[    0.155523] Performance Events: unsupported p6 CPU model 142 no PMU driver, software events only.
[    0.156047] Hierarchical SRCU implementation.
[    0.160753] NMI watchdog: Perf event create on CPU 0 failed with -2
[    0.162936] NMI watchdog: Perf NMI watchdog permanently disabled
[    0.164119] smp: Bringing up secondary CPUs ...
[    0.165919] x86: Booting SMP configuration:
[    0.168005] .... node  #0, CPUs:      #1
[    0.004000] kvm-clock: cpu 1, msr 0:3ff44041, secondary cpu clock
[    0.172034] smp: Brought up 1 node, 2 CPUs
[    0.173556] smpboot: Max logical packages: 1
[    0.176015] smpboot: Total of 2 processors activated (6432.00 BogoMIPS)
[    0.178779] devtmpfs: initialized
[    0.180133] x86/mm: Memory block size: 128MB
[    0.182171] evm: security.selinux
[    0.184025] evm: security.SMACK64
[    0.185965] evm: security.SMACK64EXEC
[    0.188004] evm: security.SMACK64TRANSMUTE
[    0.188963] evm: security.SMACK64MMAP
[    0.189792] evm: security.apparmor
[    0.190570] evm: security.ima
[    0.192002] evm: security.capability
[    0.192876] clocksource: jiffies: mask: 0xffffffff max_cycles: 0xffffffff, max_idle_ns: 7645041785100000 ns
[    0.196009] futex hash table entries: 512 (order: 3, 32768 bytes)
[    0.198845] pinctrl core: initialized pinctrl subsystem
[    0.200131] RTC time:  2:41:27, date: 05/07/20
[    0.201278] NET: Registered protocol family 16
[    0.202344] audit: initializing netlink subsys (disabled)
[    0.204039] audit: type=2000 audit(1588819296.516:1): state=initialized audit_enabled=0 res=1
[    0.204124] cpuidle: using governor ladder
[    0.208016] cpuidle: using governor menu
[    0.209356] ACPI: bus type PCI registered
[    0.210542] acpiphp: ACPI Hot Plug PCI Controller Driver version: 0.5
[    0.212123] PCI: Using configuration type 1 for base access
[    0.216140] HugeTLB registered 2.00 MiB page size, pre-allocated 0 pages
[    0.218314] ACPI: Added _OSI(Module Device)
[    0.220008] ACPI: Added _OSI(Processor Device)
[    0.221701] ACPI: Added _OSI(3.0 _SCP Extensions)
[    0.224009] ACPI: Added _OSI(Processor Aggregator Device)
[    0.226165] ACPI: Added _OSI(Linux-Dell-Video)
[    0.228012] ACPI: Added _OSI(Linux-Lenovo-NV-HDMI-Audio)
[    0.230035] ACPI: Added _OSI(Linux-HPI-Hybrid-Graphics)
[    0.232958] ACPI: Executed 1 blocks of module-level executable AML code
[    0.241311] ACPI: Interpreter enabled
[    0.242563] ACPI: (supports S0 S5)
[    0.243352] ACPI: Using IOAPIC for interrupt routing
[    0.244218] PCI: Using host bridge windows from ACPI; if necessary, use "pci=nocrs" and report a bug
[    0.246947] ACPI: Enabled 2 GPEs in block 00 to 07
[    0.254886] ACPI: PCI Root Bridge [PCI0] (domain 0000 [bus 00-ff])
[    0.256009] acpi PNP0A03:00: _OSC: OS supports [ASPM ClockPM Segments MSI]
[    0.260596] acpi PNP0A03:00: _OSC: not requesting OS control; OS requires [ExtendedConfig ASPM ClockPM MSI]
[    0.263808] acpi PNP0A03:00: fail to add MMCONFIG information, can't access extended PCI configuration space under this bridge.
[    0.264572] PCI host bridge to bus 0000:00
[    0.268005] pci_bus 0000:00: root bus resource [io  0x0000-0x0cf7 window]
[    0.269813] pci_bus 0000:00: root bus resource [io  0x0d00-0xffff window]
[    0.272014] pci_bus 0000:00: root bus resource [mem 0x000a0000-0x000bffff window]
[    0.276015] pci_bus 0000:00: root bus resource [mem 0x40000000-0xfdffffff window]
[    0.278902] pci_bus 0000:00: root bus resource [bus 00-ff]
[    0.285715] pci 0000:00:01.1: legacy IDE quirk: reg 0x10: [io  0x01f0-0x01f7]
[    0.287794] pci 0000:00:01.1: legacy IDE quirk: reg 0x14: [io  0x03f6]
[    0.288003] pci 0000:00:01.1: legacy IDE quirk: reg 0x18: [io  0x0170-0x0177]
[    0.289607] pci 0000:00:01.1: legacy IDE quirk: reg 0x1c: [io  0x0376]
[    0.310366] pci 0000:00:07.0: quirk: [io  0x4000-0x403f] claimed by PIIX4 ACPI
[    0.312037] pci 0000:00:07.0: quirk: [io  0x4100-0x410f] claimed by PIIX4 SMB
[    0.331170] ACPI: PCI Interrupt Link [LNKA] (IRQs 5 9 10 *11)
[    0.332359] ACPI: PCI Interrupt Link [LNKB] (IRQs 5 9 *10 11)
[    0.336102] ACPI: PCI Interrupt Link [LNKC] (IRQs 5 *9 10 11)
[    0.337487] ACPI: PCI Interrupt Link [LNKD] (IRQs 5 9 10 *11)
[    0.339335] SCSI subsystem initialized
[    0.340054] pci 0000:00:02.0: vgaarb: setting as boot VGA device
[    0.342111] pci 0000:00:02.0: vgaarb: VGA device added: decodes=io+mem,owns=io+mem,locks=none
[    0.344005] pci 0000:00:02.0: vgaarb: bridge control possible
[    0.345765] vgaarb: loaded
[    0.346439] ACPI: bus type USB registered
[    0.347364] usbcore: registered new interface driver usbfs
[    0.348010] usbcore: registered new interface driver hub
[    0.349272] usbcore: registered new device driver usb
[    0.350447] EDAC MC: Ver: 3.0.0
[    0.352326] PCI: Using ACPI for IRQ routing
[    0.353368] NetLabel: Initializing
[    0.354159] NetLabel:  domain hash size = 128
[    0.355128] NetLabel:  protocols = UNLABELED CIPSOv4 CALIPSO
[    0.356020] NetLabel:  unlabeled traffic allowed by default
[    0.357955] clocksource: Switched to clocksource kvm-clock
[    0.376559] VFS: Disk quotas dquot_6.6.0
[    0.378335] VFS: Dquot-cache hash table entries: 512 (order 0, 4096 bytes)
[    0.382321] AppArmor: AppArmor Filesystem Enabled
[    0.383493] pnp: PnP ACPI init
[    0.385625] pnp: PnP ACPI: found 3 devices
[    0.396092] clocksource: acpi_pm: mask: 0xffffff max_cycles: 0xffffff, max_idle_ns: 2085701024 ns
[    0.398555] NET: Registered protocol family 2
[    0.399690] TCP established hash table entries: 8192 (order: 4, 65536 bytes)
[    0.401288] TCP bind hash table entries: 8192 (order: 5, 131072 bytes)
[    0.404724] TCP: Hash tables configured (established 8192 bind 8192)
[    0.406434] UDP hash table entries: 512 (order: 2, 16384 bytes)
[    0.408483] UDP-Lite hash table entries: 512 (order: 2, 16384 bytes)
[    0.410694] NET: Registered protocol family 1
[    0.412260] pci 0000:00:00.0: Limiting direct PCI/PCI transfers
[    0.414002] pci 0000:00:01.0: Activating ISA DMA hang workarounds
[    0.415846] pci 0000:00:02.0: Video device with shadowed ROM at [mem 0x000c0000-0x000dffff]
[    0.419223] Unpacking initramfs...
[    0.830135] Freeing initrd memory: 19740K
[    0.832453] clocksource: tsc: mask: 0xffffffffffffffff max_cycles: 0x172daa3a18b, max_idle_ns: 440795212390 ns
[    0.834812] platform rtc_cmos: registered platform RTC device (no PNP device found)
[    0.836542] Scanning for low memory corruption every 60 seconds
[    0.838775] Initialise system trusted keyrings
[    0.840509] Key type blacklist registered
[    0.841940] workingset: timestamp_bits=36 max_order=18 bucket_order=0
[    0.844790] zbud: loaded
[    0.845888] squashfs: version 4.0 (2009/01/31) Phillip Lougher
[    0.847331] fuse init (API version 7.26)
[    0.850901] Key type asymmetric registered
[    0.851828] Asymmetric key parser 'x509' registered
[    0.853413] Block layer SCSI generic (bsg) driver version 0.4 loaded (major 246)
[    0.855311] io scheduler noop registered
[    0.856507] io scheduler deadline registered
[    0.857581] io scheduler cfq registered (default)
[    0.859410] ACPI: AC Adapter [AC] (off-line)
[    0.860768] input: Power Button as /devices/LNXSYSTM:00/LNXPWRBN:00/input/input0
[    0.862852] ACPI: Power Button [PWRF]
[    0.864171] input: Sleep Button as /devices/LNXSYSTM:00/LNXSLPBN:00/input/input1
[    0.865921] ACPI: Sleep Button [SLPF]
[    0.868298] Serial: 8250/16550 driver, 32 ports, IRQ sharing enabled
[    0.868867] ACPI: Battery Slot [BAT0] (battery present)
[    0.893630] 00:02: ttyS0 at I/O 0x3f8 (irq = 4, base_baud = 115200) is a 16550A
[    0.897299] Linux agpgart interface v0.103
[    0.901001] loop: module loaded
[    0.902914] scsi host0: ata_piix
[    0.904262] scsi host1: ata_piix
[    0.905048] ata1: PATA max UDMA/33 cmd 0x1f0 ctl 0x3f6 bmdma 0xd000 irq 14
[    0.906816] ata2: PATA max UDMA/33 cmd 0x170 ctl 0x376 bmdma 0xd008 irq 15
[    0.908860] libphy: Fixed MDIO Bus: probed
[    0.910239] tun: Universal TUN/TAP device driver, 1.6
[    0.911742] PPP generic driver version 2.4.2
[    0.913217] ehci_hcd: USB 2.0 'Enhanced' Host Controller (EHCI) Driver
[    0.914997] ehci-pci: EHCI PCI platform driver
[    0.916291] ehci-platform: EHCI generic platform driver
[    0.917862] ohci_hcd: USB 1.1 'Open' Host Controller (OHCI) Driver
[    0.920291] ohci-pci: OHCI PCI platform driver
[    0.922042] ohci-platform: OHCI generic platform driver
[    0.924881] uhci_hcd: USB Universal Host Controller Interface driver
[    0.927481] i8042: PNP: PS/2 Controller [PNP0303:PS2K,PNP0f03:PS2M] at 0x60,0x64 irq 1,12
[    0.931572] serio: i8042 KBD port at 0x60,0x64 irq 1
[    0.933960] serio: i8042 AUX port at 0x60,0x64 irq 12
[    0.935175] mousedev: PS/2 mouse device common for all mice
[    0.936735] input: AT Translated Set 2 keyboard as /devices/platform/i8042/serio0/input/input2
[    0.939050] rtc_cmos rtc_cmos: rtc core: registered rtc_cmos as rtc0
[    0.940526] rtc_cmos rtc_cmos: alarms up to one day, 114 bytes nvram
[    0.941930] i2c /dev entries driver
[    0.942785] device-mapper: uevent: version 1.0.3
[    0.943867] device-mapper: ioctl: 4.37.0-ioctl (2017-09-20) initialised: dm-devel@redhat.com
[    0.945819] ledtrig-cpu: registered to indicate activity on CPUs
[    0.948114] NET: Registered protocol family 10
[    0.953785] Segment Routing with IPv6
[    0.954939] NET: Registered protocol family 17
[    0.956444] Key type dns_resolver registered
[    0.957947] mce: Using 0 MCE banks
[    0.959073] RAS: Correctable Errors collector initialized.
[    0.960638] sched_clock: Marking stable (960612106, 0)->(1170564770, -209952664)
[    0.963019] registered taskstats version 1
[    0.964139] Loading compiled-in X.509 certificates
[    0.968589] Loaded X.509 cert 'Build time autogenerated kernel key: 244b473b43e18b01f00e37a87f2ecd28620f0244'
[    0.972559] zswap: loaded using pool lzo/zbud
[    0.982002] Key type big_key registered
[    0.983319] Key type trusted registered
[    0.986139] Key type encrypted registered
[    0.987377] AppArmor: AppArmor sha1 policy hashing enabled
[    0.988632] ima: No TPM chip found, activating TPM-bypass! (rc=-19)
[    0.990034] ima: Allocated hash algorithm: sha1
[    0.991060] evm: HMAC attrs: 0x1
[    0.992232]   Magic number: 4:859:661
[    0.993107] platform PNP0C0A:00: hash matches
[    0.994093] battery PNP0C0A:00: hash matches
[    0.995120] rtc_cmos rtc_cmos: setting system clock to 2020-05-07 02:41:27 UTC (1588819287)
[    0.997134] BIOS EDD facility v0.16 2004-Jun-25, 0 devices found
[    0.998881] EDD information not available.
[    1.075619] Freeing unused kernel image memory: 2432K
[    1.088602] Write protecting the kernel read-only data: 20480k
[    1.091107] Freeing unused kernel image memory: 2008K
[    1.092663] Freeing unused kernel image memory: 1880K
[    1.100397] x86/mm: Checked W+X mappings: passed, no W+X pages found.
[    1.102931] x86/mm: Checking user space page tables
[    1.111006] x86/mm: Checked W+X mappings: passed, no W+X pages found.
Loading, please wait...
starting version 237
[    1.195190] e1000: Intel(R) PRO/1000 Network Driver - version 7.3.21-k8-NAPI
[    1.197400] e1000: Copyright (c) 1999-2006 Intel Corporation.
[    1.213527] Fusion MPT base driver 3.04.20
[    1.214849] Copyright (c) 1999-2008 LSI Corporation
[    1.233673] Fusion MPT SPI Host driver 3.04.20
[    1.241296] AVX2 version of gcm_enc/dec engaged.
[    1.243433] AES CTR mode by8 optimization enabled
[    1.250067] mptbase: ioc0: Initiating bringup
[    1.419367] ioc0: LSI53C1030 A0: Capabilities={Initiator}
[    1.430064] input: ImExPS/2 Generic Explorer Mouse as /devices/platform/i8042/serio1/input/input4
[    2.809252] scsi host2: ioc0: LSI53C1030 A0, FwRev=00000000h, Ports=1, MaxQ=256, IRQ=20
[    3.962588] scsi 2:0:0:0: Direct-Access     VBOX     HARDDISK         1.0  PQ: 0 ANSI: 5
[    3.997382] scsi target2:0:0: Beginning Domain Validation
[    4.001872] scsi target2:0:0: Domain Validation skipping write tests
[    4.004505] scsi target2:0:0: Ending Domain Validation
[    4.006724] scsi target2:0:0: asynchronous
[    4.036870] scsi 2:0:1:0: Direct-Access     VBOX     HARDDISK         1.0  PQ: 0 ANSI: 5
[    4.172319] scsi target2:0:1: Beginning Domain Validation
[    4.175613] random: fast init done
[    4.177535] scsi target2:0:1: Domain Validation skipping write tests
[    4.179741] scsi target2:0:1: Ending Domain Validation
[    4.181542] scsi target2:0:1: asynchronous
[    4.188431] random: systemd-udevd: uninitialized urandom read (16 bytes read)
[    4.190617] random: systemd-udevd: uninitialized urandom read (16 bytes read)
[    4.193319] sd 2:0:0:0: Attached scsi generic sg0 type 0
[    4.195130] sd 2:0:0:0: [sda] 20971520 512-byte logical blocks: (10.7 GB/10.0 GiB)
[    4.197556] sd 2:0:0:0: [sda] Write Protect is off
[    4.199163] sd 2:0:0:0: [sda] Incomplete mode parameter data
[    4.200926] sd 2:0:0:0: [sda] Assuming drive cache: write through
[    4.202769] sd 2:0:1:0: Attached scsi generic sg1 type 0
[    4.204098] random: systemd-udevd: uninitialized urandom read (16 bytes read)
[    4.207350]  sda: sda1
[    4.209161] sd 2:0:0:0: [sda] Attached SCSI disk
[    4.211471] sd 2:0:1:0: [sdb] 20480 512-byte logical blocks: (10.5 MB/10.0 MiB)
[    4.214165] sd 2:0:1:0: [sdb] Write Protect is off
[    4.216245] sd 2:0:1:0: [sdb] Incomplete mode parameter data
[    4.218221] sd 2:0:1:0: [sdb] Assuming drive cache: write through
[    4.227315] sd 2:0:1:0: [sdb] Attached SCSI disk
[    4.419608] e1000 0000:00:03.0 eth0: (PCI:33MHz:32-bit) 02:22:e7:1f:39:14
[    4.422268] e1000 0000:00:03.0 eth0: Intel(R) PRO/1000 Network Connection
[    4.861907] e1000 0000:00:08.0 eth1: (PCI:33MHz:32-bit) 08:00:27:a1:a3:14
[    4.863949] e1000 0000:00:08.0 eth1: Intel(R) PRO/1000 Network Connection
[    4.866536] e1000 0000:00:08.0 enp0s8: renamed from eth1
[    4.897265] e1000 0000:00:03.0 enp0s3: renamed from eth0
Begin: Loading essential drivers ... [    6.432037] raid6: sse2x1   gen()  9584 MB/s
[    6.480130] raid6: sse2x1   xor()  6305 MB/s
[    6.528028] raid6: sse2x2   gen() 11419 MB/s
[    6.576168] raid6: sse2x2   xor()  7993 MB/s
[    6.624088] raid6: sse2x4   gen() 13357 MB/s
[    6.672058] raid6: sse2x4   xor()  8782 MB/s
[    6.720092] raid6: avx2x1   gen() 18183 MB/s
[    6.768020] raid6: avx2x1   xor() 13071 MB/s
[    6.816030] raid6: avx2x2   gen() 21110 MB/s
[    6.864254] raid6: avx2x2   xor() 13850 MB/s
[    6.915407] raid6: avx2x4   gen() 26771 MB/s
[    6.964168] raid6: avx2x4   xor() 16005 MB/s
[    6.965563] raid6: using algorithm avx2x4 gen() 26771 MB/s
[    6.968605] raid6: .... xor() 16005 MB/s, rmw enabled
[    6.970396] raid6: using avx2x2 recovery algorithm
[    6.975437] xor: automatically using best checksumming function   avx       
[    6.980413] async_tx: api initialized (async)
done.
Begin: Running /scripts/init-premount ... done.
Begin: Mounting root file system ... Begin: Running /scripts/local-top ... done.
Begin: Running /scripts/local-premount ... [    7.036613] Btrfs loaded, crc32c=crc32c-intel
Scanning for Btrfs filesystems
done.
Warning: fsck not present, so skipping root file system
[    7.078186] EXT4-fs (sda1): INFO: recovery required on readonly filesystem
[    7.080498] EXT4-fs (sda1): write access will be enabled during recovery
[    7.145604] EXT4-fs (sda1): orphan cleanup on readonly fs
[    7.147373] EXT4-fs (sda1): 1 orphan inode deleted
[    7.148875] EXT4-fs (sda1): recovery complete
[    7.151126] EXT4-fs (sda1): mounted filesystem with ordered data mode. Opts: (null)
done.
Begin: Running /scripts/local-bottom ... done.
Begin: Running /scripts/init-bottom ... done.
[    7.381052] ip_tables: (C) 2000-2006 Netfilter Core Team
[    7.395841] systemd[1]: systemd 237 running in system mode. (+PAM +AUDIT +SELINUX +IMA +APPARMOR +SMACK +SYSVINIT +UTMP +LIBCRYPTSETUP +GCRYPT +GNUTLS +ACL +XZ +LZ4 +SECCOMP +BLKID +ELFUTILS +KMOD -IDN2 +IDN -PCRE2 default-hierarchy=hybrid)
[    7.403310] systemd[1]: Detected virtualization oracle.
[    7.405470] systemd[1]: Detected architecture x86-64.

Welcome to [1mUbuntu 18.04.3 LTS[0m!

[    7.418208] systemd[1]: Set hostname to <ubuntu-bionic>.
[    7.758651] systemd[1]: Set up automount Arbitrary Executable File Formats File System Automount Point.
[[0;32m  OK  [0m] Set up automount Arbitrary Executabâ€¦rmats File System Automount Point.
[    7.772455] systemd[1]: Reached target System Time Synchronized.
[[0;32m  OK  [0m] Reached target System Time Synchronized.
[    7.780398] systemd[1]: Created slice User and Session Slice.
[[0;32m  OK  [0m] Created slice User and Session Slice.
[    7.783352] systemd[1]: Started Forward Password Requests to Wall Directory Watch.
[[0;32m  OK  [0m] Started Forward Password Requests to Wall Directory Watch.
[    7.796835] systemd[1]: Reached target User and Group Name Lookups.
[[0;32m  OK  [0m] Reached target User and Group Name Lookups.
[    7.800639] systemd[1]: Reached target Swap.
[[0;32m  OK  [0m] Reached target Swap.
[[0;32m  OK  [0m] Created slice System Slice.
[[0;32m  OK  [0m] Listening on /dev/initctl Compatibility Named Pipe.
[[0;32m  OK  [0m] Listening on Journal Audit Socket.
[[0;32m  OK  [0m] Reached target Slices.
[[0;32m  OK  [0m] Listening on Journal Socket.
         Mounting Huge Pages File System...
[[0;32m  OK  [0m] Listening on Network Service Netlink Socket.
         Starting Remount Root and Kernel File Systems...
         Mounting POSIX Message Queue File System...
[[0;32m  OK  [0m] Listening on Device-mapper event daemon FIFOs.
         Starting Create list of required stâ€¦ce nodes for the current k[    7.837572] EXT4-fs (sda1): re-mounted. Opts: (null)
ernel...
         Mounting Kernel Debug File System...
[[0;32m  OK  [0m] Listening on udev Kernel Socket.
         Starting Uncomplicated firewall...
[[0;32m  OK  [0m] Listening on udev Control Socket.
         Starting udev Coldplug all Devices...
         Starting Load Kernel Modules...
[[0;32m  OK  [0m] Listening on LVM2 poll daemon socket.
[[0;32m  OK  [0m] Listening on Journal Socket (/dev/log).
[[0;32m  OK  [0m] Listening on Syslog Socket.
         Starting Journal Service...
[[0;32m  OK  [0m] Listening on LVM2 metadata daemon socket.
         Starting Monitoring of LVM2 mirrorsâ€¦ng dmeventd or progress polling...
         Starting Set the console keyboard layout...
[    7.891534] Loading iSCSI transport class v2.0-870.
[[0;32m  OK  [0m] Created slice system-serial\x2dgetty.slice.
[[0;32m  OK  [0m] Mounted Huge Pages File System.
[[0;32m  OK  [0m] Started Remount Root and Kernel File Systems.
[[0;32m  OK  [0m] Mounted POSIX Message Queue File System.
[[0;32m  OK  [0m] Started Create list of required staâ€¦vice nodes for the current kernel.
[[0;32m  OK  [0m] Mounted Kernel Debug File System.
[[0;32m  OK  [0m] Started Uncomplicated firewall.
         Starting Create Static Device Nodes in /dev...
[    7.935263] iscsi: registered transport (tcp)
[    7.952955] iscsi: registered transport (iser)
         Starting Load/Save Random Seed...
[[0;32m  OK  [0m] Started Load Kernel Modules.
[[0;32m  OK  [0m] Started udev Coldplug all Devices.
         Mounting FUSE Control File System...
         Mounting Kernel Configuration File System...
         Starting Apply Kernel Variables...
[[0;32m  OK  [0m] Mounted FUSE Control File System.
[[0;32m  OK  [0m] Mounted Kernel Configuration File System.
[[0;32m  OK  [0m] Started Journal Service.
         Starting Flush Journal to Persistent Storage...
[[0;32m  OK  [0m] Started LVM2 metadata daemon.
[[0;32m  OK  [0m] Started Load/Save Random Seed.
[[0;32m  OK  [0m] Started Create Static Device Nodes in /dev.
         Starting udev Kernel Device Manager...
[[0;32m  OK  [0m] Started Apply Kernel Variables.
[[0;32m  OK  [0m] Started Monitoring of LVM2 mirrors,â€¦sing dmeventd or progress polling.
[[0;32m  OK  [0m] Started udev Kernel Device Manager.
[[0;32m  OK  [0m] Started Set the console keyboard layout.
[[0;32m  OK  [0m] Reached target Local File Systems (Pre).
[[0;32m  OK  [0m] Reached target Local File Systems.
         Starting AppArmor initialization...
         Starting ebtables ruleset management...
         Starting Set console font and keymap...
         Starting Tell Plymouth To Write Out Runtime Data...
[[0;32m  OK  [0m] Started Dispatch Password Requests to Console Directory Watch.
[[0;32m  OK  [0m] Reached target Local Encrypted Volumes.
[[0;32m  OK  [0m] Started Flush Journal to Persistent Storage.
         Starting Create Volatile Files and Directories...
[[0;32m  OK  [0m] Started Set console font and keymap.
[[0;32m  OK  [0m] Started Tell Plymouth To Write Out Runtime Data.
[[0;32m  OK  [0m] Started Create Volatile Files and Directories.
         Starting Update UTMP about System Boot/Shutdown...
[[0;32m  OK  [0m] Started Update UTMP about System Boot/Shutdown.
[[0;32m  OK  [0m] Started ebtables ruleset management.
[[0;32m  OK  [0m] Found device /dev/ttyS0.
[[0;32m  OK  [0m] Listening on Load/Save RF Kill Switch Status /dev/rfkill Watch.
[[0;32m  OK  [0m] Started AppArmor initialization.
         Starting Initial cloud-init job (pre-networking)...
[   10.416379] cloud-init[540]: Cloud-init v. 19.3-41-gc4735dd3-0ubuntu1~18.04.1 running 'init-local' at Thu, 07 May 2020 02:41:36 +0000. Up 10.15 seconds.
[[0;32m  OK  [0m] Started Initial cloud-init job (pre-networking).
[[0;32m  OK  [0m] Reached target Network (Pre).
         Starting Network Service...
[[0;32m  OK  [0m] Started Network Service.
         Starting Network Name Resolution...
         Starting Wait for Network to be Configured...
[[0;32m  OK  [0m] Started Network Name Resolution.
[[0;32m  OK  [0m] Reached target Host and Network Name Lookups.
[[0;32m  OK  [0m] Reached target Network.
[[0;32m  OK  [0m] Started Wait for Network to be Configured.
         Starting Initial cloud-init job (metadata service crawler)...
[   12.695938] cloud-init[705]: Cloud-init v. 19.3-41-gc4735dd3-0ubuntu1~18.04.1 running 'init' at Thu, 07 May 2020 02:41:39 +0000. Up 12.52 seconds.
[   12.700014] cloud-init[705]: ci-info: ++++++++++++++++++++++++++++++++++++++Net device info+++++++++++++++++++++++++++++++++++++++
[   12.712350] cloud-init[705]: ci-info: +--------+------+-----------------------------+---------------+--------+-------------------+
[   12.715546] cloud-init[705]: ci-info: | Device |  Up  |           Address           |      Mask     | Scope  |     Hw-Address    |
[   12.718010] cloud-init[705]: ci-info: +--------+------+-----------------------------+---------------+--------+-------------------+
[   12.721828] cloud-init[705]: ci-info: | enp0s3 | True |          10.0.2.15          | 255.255.255.0 | global | 02:22:e7:1f:39:14 |
[   12.725639] cloud-init[705]: ci-info: | enp0s3 | True |  fe80::22:e7ff:fe1f:3914/64 |       .       |  link  | 02:22:e7:1f:39:14 |
[   12.729131] cloud-init[705]: ci-info: | enp0s8 | True |        192.168.33.10        | 255.255.255.0 | global | 08:00:27:a1:a3:14 |
[   12.732444] cloud-init[705]: ci-info: | enp0s8 | True | fe80::a00:27ff:fea1:a314/64 |       .       |  link  | 08:00:27:a1:a3:14 |
[   12.734459] cloud-init[705]: ci-info: |   lo   | True |          127.0.0.1          |   255.0.0.0   |  host  |         .         |
[   12.744309] cloud-init[705]: ci-info: |   lo   | True |           ::1/128           |       .       |  host  |         .         |
[   12.746111] cloud-init[705]: ci-info: +--------+------+-----------------------------+---------------+--------+-------------------+
[   12.748004] cloud-init[705]: ci-info: +++++++++++++++++++++++++++++Route IPv4 info+++++++++++++++++++++++++++++
[   12.749903] cloud-init[705]: ci-info: +-------+--------------+----------+-----------------+-----------+-------+
[   12.752516] cloud-init[705]: ci-info: | Route | Destination  | Gateway  |     Genmask     | Interface | Flags |
[   12.754422] cloud-init[705]: ci-info: +-------+--------------+----------+-----------------+-----------+-------+
[   12.756183] cloud-init[705]: ci-info: |   0   |   0.0.0.0    | 10.0.2.2 |     0.0.0.0     |   enp0s3  |   UG  |
[   12.758805] cloud-init[705]: ci-info: |   1   |   10.0.2.0   | 0.0.0.0  |  255.255.255.0  |   enp0s3  |   U   |
[   12.761240] cloud-init[705]: ci-info: |   2   |   10.0.2.2   | 0.0.0.0  | 255.255.255.255 |   enp0s3  |   UH  |
[   12.763494] cloud-init[705]: ci-info: |   3   | 192.168.33.0 | 0.0.0.0  |  255.255.255.0  |   enp0s8  |   U   |
[   12.765585] cloud-init[705]: ci-info: +-------+--------------+----------+-----------------+-----------+-------+
[   12.768005] cloud-init[705]: ci-info: +++++++++++++++++++Route IPv6 info+++++++++++++++++++
[   12.770314] cloud-init[705]: ci-info: +-------+-------------+---------+-----------+-------+
[   12.773319] cloud-init[705]: ci-info: | Route | Destination | Gateway | Interface | Flags |
[   12.775840] cloud-init[705]: ci-info: +-------+-------------+---------+-----------+-------+
[   12.778129] cloud-init[705]: ci-info: |   1   |  fe80::/64  |    ::   |   enp0s8  |   U   |
[   12.780371] cloud-init[705]: ci-info: |   2   |  fe80::/64  |    ::   |   enp0s3  |   U   |
[   12.781804] cloud-init[705]: ci-info: |   4   |    local    |    ::   |   enp0s3  |   U   |
[   12.782744] cloud-init[705]: ci-info: |   5   |    local    |    ::   |   enp0s8  |   U   |
[   12.784316] cloud-init[705]: ci-info: |   6   |   ff00::/8  |    ::   |   enp0s8  |   U   |
[   12.786083] cloud-init[705]: ci-info: |   7   |   ff00::/8  |    ::   |   enp0s3  |   U   |
[   12.787894] cloud-init[705]: ci-info: +-------+-------------+---------+-----------+-------+
[[0;32m  OK  [0m] Started Initial cloud-init job (metadata service crawler).
[[0;32m  OK  [0m] Reached target System Initialization.
[[0;32m  OK  [0m] Listening on D-Bus System Message Bus Socket.
[[0;32m  OK  [0m] Started Message of the Day.
[[0;32m  OK  [0m] Started ACPI Events Check.
         Starting LXD - unix socket.
[[0;32m  OK  [0m] Started Daily apt download activities.
[[0;32m  OK  [0m] Reached target Paths.
[[0;32m  OK  [0m] Started Discard unused blocks once a week.
[[0;32m  OK  [0m] Started Daily apt upgrade and clean activities.
[[0;32m  OK  [0m] Listening on Open-iSCSI iscsid Socket.
[[0;32m  OK  [0m] Listening on ACPID Listen Socket.
[[0;32m  OK  [0m] Started Daily Cleanup of Temporary Directories.
[[0;32m  OK  [0m] Reached target Timers.
[[0;32m  OK  [0m] Listening on UUID daemon activation socket.
         Starting Socket activation for snappy daemon.
[[0;32m  OK  [0m] Reached target Cloud-config availability.
[[0;32m  OK  [0m] Reached target Network is Online.
[[0;32m  OK  [0m] Reached target Remote File Systems (Pre).
[[0;32m  OK  [0m] Reached target Remote File Systems.
         Starting Availability of block devices...
[[0;32m  OK  [0m] Listening on LXD - unix socket.
[[0;32m  OK  [0m] Listening on Socket activation for snappy daemon.
[[0;32m  OK  [0m] Reached target Sockets.
[[0;32m  OK  [0m] Reached target Basic System.
         Starting Login Service...
         Starting LSB: automatic crash report generation...
[[0;32m  OK  [0m] Started Regular background program processing daemon.
         Starting Message of the Day...
[[0;32m  OK  [0m] Started irqbalance daemon.
         Starting Permit User Sessions...
[[0;32m  OK  [0m] Started Deferred execution scheduler.
         Starting Dispatcher daemon for systemd-networkd...
         Starting vboxadd.service...
         Starting OpenBSD Secure Shell server...
         Starting Snappy daemon...
[[0;32m  OK  [0m] Started D-Bus System Message Bus.
[[0;32m  OK  [0m] Started Login Service.
[[0;32m  OK  [0m] Started Unattended Upgrades Shutdown.
         Starting LSB: Record successful boot for GRUB...
         Starting System Logging Service...
         Starting Accounts Service...
[[0;32m  OK  [0m] Started FUSE filesystem for LXC.
         Starting LXD - container startup/shutdown...
[[0;32m  OK  [0m] Started Availability of block devices.
[[0;32m  OK  [0m] Started Permit User Sessions.
         Starting Hold until boot process finishes up...
         Starting Terminate Plymouth Boot Screen...
[[0;32m  OK  [0m] Started Hold until boot process finishes up.
[[0;32m  OK  [0m] Started Serial Getty on ttyS0.
         Starting Set console scheme...
[[0;32m  OK  [0m] Started Terminate Plymouth Boot Screen.
[[0;32m  OK  [0m] Started OpenBSD Secure Shell server.
[[0;32m  OK  [0m] Started System Logging Service.
[[0;32m  OK  [0m] Started Set console scheme.
[[0;32m  OK  [0m] Created slice system-getty.slice.
[[0;32m  OK  [0m] Started Getty on tty1.
[[0;32m  OK  [0m] Reached target Login Prompts.
         Starting Authorization Manager...
[[0;32m  OK  [0m] Started LSB: automatic crash report generation.
[[0;32m  OK  [0m] Started LSB: Record successful boot for GRUB.
[[0;32m  OK  [0m] Started Authorization Manager.
[[0;32m  OK  [0m] Started Accounts Service.
[[0;32m  OK  [0m] Started LXD - container startup/shutdown.
[[0;32m  OK  [0m] Started Dispatcher daemon for systemd-networkd.
[[0;32m  OK  [0m] Started Snappy daemon.
         Starting Wait until snapd is fully seeded...
[[0;32m  OK  [0m] Started Wait until snapd is fully seeded.
         Starting Apply the settings specified in cloud-config...
[[0;32m  OK  [0m] Started vboxadd.service.
         Starting vboxadd-service.service...
[[0;32m  OK  [0m] Created slice User Slice of vagrant.
         Starting User Manager for UID 1000...
[[0;32m  OK  [0m] Started Session 1 of user vagrant.
[[0;32m  OK  [0m] Started vboxadd-service.service.
[[0;32m  OK  [0m] Reached target Multi-User System.
[[0;32m  OK  [0m] Reached target Graphical Interface.
         Starting Update UTMP about System Runlevel Changes...
[[0;32m  OK  [0m] Started Update UTMP about System Runlevel Changes.
[[0;32m  OK  [0m] Started User Manager for UID 1000.
[[0;32m  OK  [0m] Started Message of the Day.
[   16.288592] cloud-init[1094]: Cloud-init v. 19.3-41-gc4735dd3-0ubuntu1~18.04.1 running 'modules:config' at Thu, 07 May 2020 02:41:42 +0000. Up 16.03 seconds.
[[0;32m  OK  [0m] Started Apply the settings specified in cloud-config.
         Starting Execute cloud user/final scripts...
[   17.208864] cloud-init[1283]: Cloud-init v. 19.3-41-gc4735dd3-0ubuntu1~18.04.1 running 'modules:final' at Thu, 07 May 2020 02:41:43 +0000. Up 16.95 seconds.
[   17.213151] cloud-init[1283]: Cloud-init v. 19.3-41-gc4735dd3-0ubuntu1~18.04.1 finished at Thu, 07 May 2020 02:41:43 +0000. Datasource DataSourceNoCloud [seed=/dev/sdb][dsmode=net].  Up 17.19 seconds
[[0;32m  OK  [0m] Started Execute cloud user/final scripts.
[[0;32m  OK  [0m] Reached target Cloud-init target.

Ubuntu 18.04.3 LTS ubuntu-bionic ttyS0

ubuntu-bionic login: 